// Jest Snapshot v1, https://goo.gl/fbAQLP

exports[`maxhold basics 1`] = `
Float32Array [
  1,
  2,
  3,
  4,
  4,
  4,
  4,
]
`;

exports[`maxhold hold time 1`] = `
Float32Array [
  1,
  2,
  3,
  4,
  4,
  4,
  4,
  4,
  4,
  4,
  4,
  4,
  4,
  4,
  4,
  4,
  4,
  4,
  4,
  4,
  4,
  4,
  4,
  4,
  4,
  4,
  4,
  4,
  4,
  4,
  4,
  4,
  4,
  4,
  4,
  4,
  4,
  4,
  4,
  4,
  4,
  4,
  4,
  4,
  4,
  4,
  4,
  1,
]
`;
