// Jest Snapshot v1, https://goo.gl/fbAQLP

exports[`sparseq2 basics 1`] = `
Float32Array [
  0,
  0,
  0,
  0,
  1,
  1,
  1,
  1,
  2,
  2,
  2,
  2,
  3,
  3,
  3,
  3,
  4,
  4,
  4,
  4,
  4,
  4,
  4,
  4,
  4,
  4,
  4,
  4,
  4,
  4,
  4,
  4,
]
`;

exports[`sparseq2 interp 1`] = `
Float32Array [
  1,
  1.25,
  1.5,
  1.75,
  2,
  2.25,
  2.5,
  2.75,
  3,
  3.25,
  3.5,
  3.75,
  4,
  4,
  4,
  4,
  4,
  4,
  4,
  4,
  4,
  4,
  4,
  4,
  4,
  4,
  4,
  4,
  4,
  4,
  4,
  4,
]
`;

exports[`sparseq2 looping 1`] = `
Float32Array [
  1,
  1,
  1,
  1,
  2,
  2,
  2,
  2,
  3,
  3,
  3,
  3,
  4,
  4,
  4,
  4,
  1,
  1,
  1,
  1,
  2,
  2,
  2,
  2,
  3,
  3,
  3,
  3,
  4,
  4,
  4,
  4,
]
`;

exports[`sparseq2 skip ahead 1`] = `
Float32Array [
  1,
  1,
  1,
  1,
  1,
  1,
  1,
  1,
  3,
  3,
  3,
  3,
  3,
  3,
  3,
  3,
]
`;
