// Jest Snapshot v1, https://goo.gl/fbAQLP

exports[`feedback taps 1`] = `
Float32Array [
  1,
  1,
  1,
  1,
  1,
  1,
  1,
  1,
  1,
  1,
  1,
  1,
  1,
  1,
  1,
  1,
  1,
  1,
  1,
  1,
  1,
  1,
  1,
  1,
  1,
  1,
  1,
  1,
  1,
  1,
  1,
  1,
  1,
  1,
  1,
  1,
  1,
  1,
  1,
  1,
  1,
  1,
  1,
  1,
  1,
  1,
  1,
  1,
  1,
  1,
  1,
  1,
  1,
  1,
  1,
  1,
  1,
  1,
  1,
  1,
  1,
  1,
  1,
  1,
  1,
  1,
  1,
  1,
  1,
  1,
  1,
  1,
  1,
  1,
  1,
  1,
  1,
  1,
  1,
  1,
  1,
  1,
  1,
  1,
  1,
  1,
  1,
  1,
  1,
  1,
  1,
  1,
  1,
  1,
  1,
  1,
  1,
  1,
  1,
  1,
  1,
  1,
  1,
  1,
  1,
  1,
  1,
  1,
  1,
  1,
  1,
  1,
  1,
  1,
  1,
  1,
  1,
  1,
  1,
  1,
  1,
  1,
  1,
  1,
  1,
  1,
  1,
  1,
  1,
  1,
  1,
  1,
  1,
  1,
  1,
  1,
  1,
  1,
  1,
  1,
  1,
  1,
  1,
  1,
  1,
  1,
  1,
  1,
  1,
  1,
  1,
  1,
  1,
  1,
  1,
  1,
  1,
  1,
  1,
  1,
  1,
  1,
  1,
  1,
  1,
  1,
  1,
  1,
  1,
  1,
  1,
  1,
  1,
  1,
  1,
  1,
  1,
  1,
  1,
  1,
  1,
  1,
  1,
  1,
  1,
  1,
  1,
  1,
  1,
  1,
  1,
  1,
  1,
  1,
  1,
  1,
  1,
  1,
  1,
  1,
  1,
  1,
  1,
  1,
  1,
  1,
  1,
  1,
  1,
  1,
  1,
  1,
  1,
  1,
  1,
  1,
  1,
  1,
  1,
  1,
  1,
  1,
  1,
  1,
  1,
  1,
  1,
  1,
  1,
  1,
  1,
  1,
  1,
  1,
  1,
  1,
  1,
  1,
  1,
  1,
  1,
  1,
  1,
  1,
  1,
  1,
  1,
  1,
  1,
  1,
  1,
  1,
  1,
  1,
  1,
  1,
  1,
  1,
  1,
  1,
  1,
  1,
  1,
  1,
  1,
  1,
  1,
  1,
  1,
  1,
  1,
  1,
  1,
  1,
  1,
  1,
  1,
  1,
  1,
  1,
  1,
  1,
  1,
  1,
  1,
  1,
  1,
  1,
  1,
  1,
  1,
  1,
  1,
  1,
  1,
  1,
  1,
  1,
  1,
  1,
  1,
  1,
  1,
  1,
  1,
  1,
  1,
  1,
  1,
  1,
  1,
  1,
  1,
  1,
  1,
  1,
  1,
  1,
  1,
  1,
  1,
  1,
  1,
  1,
  1,
  1,
  1,
  1,
  1,
  1,
  1,
  1,
  1,
  1,
  1,
  1,
  1,
  1,
  1,
  1,
  1,
  1,
  1,
  1,
  1,
  1,
  1,
  1,
  1,
  1,
  1,
  1,
  1,
  1,
  1,
  1,
  1,
  1,
  1,
  1,
  1,
  1,
  1,
  1,
  1,
  1,
  1,
  1,
  1,
  1,
  1,
  1,
  1,
  1,
  1,
  1,
  1,
  1,
  1,
  1,
  1,
  1,
  1,
  1,
  1,
  1,
  1,
  1,
  1,
  1,
  1,
  1,
  1,
  1,
  1,
  1,
  1,
  1,
  1,
  1,
  1,
  1,
  1,
  1,
  1,
  1,
  1,
  1,
  1,
  1,
  1,
  1,
  1,
  1,
  1,
  1,
  1,
  1,
  1,
  1,
  1,
  1,
  1,
  1,
  1,
  1,
  1,
  1,
  1,
  1,
  1,
  1,
  1,
  1,
  1,
  1,
  1,
  1,
  1,
  1,
  1,
  1,
  1,
  1,
  1,
  1,
  1,
  1,
  1,
  1,
  1,
  1,
  1,
  1,
  1,
  1,
  1,
  1,
  1,
  1,
  1,
  1,
  1,
  1,
  1,
  1,
  1,
  1,
  1,
  1,
  1,
  1,
  1,
  1,
  1,
  1,
  1,
  1,
  1,
  1,
  1,
  1,
  1,
  1,
  1,
  1,
  1,
  1,
  1,
  1,
  1,
  1,
  1,
  1,
  1,
  1,
  1,
  1,
  1,
  1,
  1,
  1,
  1,
  1,
  1,
  1,
  1,
  1,
  1,
  1,
  1,
  1,
]
`;

exports[`feedback taps 2`] = `
Float32Array [
  2,
  2,
  2,
  2,
  2,
  2,
  2,
  2,
  2,
  2,
  2,
  2,
  2,
  2,
  2,
  2,
  2,
  2,
  2,
  2,
  2,
  2,
  2,
  2,
  2,
  2,
  2,
  2,
  2,
  2,
  2,
  2,
  2,
  2,
  2,
  2,
  2,
  2,
  2,
  2,
  2,
  2,
  2,
  2,
  2,
  2,
  2,
  2,
  2,
  2,
  2,
  2,
  2,
  2,
  2,
  2,
  2,
  2,
  2,
  2,
  2,
  2,
  2,
  2,
  2,
  2,
  2,
  2,
  2,
  2,
  2,
  2,
  2,
  2,
  2,
  2,
  2,
  2,
  2,
  2,
  2,
  2,
  2,
  2,
  2,
  2,
  2,
  2,
  2,
  2,
  2,
  2,
  2,
  2,
  2,
  2,
  2,
  2,
  2,
  2,
  2,
  2,
  2,
  2,
  2,
  2,
  2,
  2,
  2,
  2,
  2,
  2,
  2,
  2,
  2,
  2,
  2,
  2,
  2,
  2,
  2,
  2,
  2,
  2,
  2,
  2,
  2,
  2,
  2,
  2,
  2,
  2,
  2,
  2,
  2,
  2,
  2,
  2,
  2,
  2,
  2,
  2,
  2,
  2,
  2,
  2,
  2,
  2,
  2,
  2,
  2,
  2,
  2,
  2,
  2,
  2,
  2,
  2,
  2,
  2,
  2,
  2,
  2,
  2,
  2,
  2,
  2,
  2,
  2,
  2,
  2,
  2,
  2,
  2,
  2,
  2,
  2,
  2,
  2,
  2,
  2,
  2,
  2,
  2,
  2,
  2,
  2,
  2,
  2,
  2,
  2,
  2,
  2,
  2,
  2,
  2,
  2,
  2,
  2,
  2,
  2,
  2,
  2,
  2,
  2,
  2,
  2,
  2,
  2,
  2,
  2,
  2,
  2,
  2,
  2,
  2,
  2,
  2,
  2,
  2,
  2,
  2,
  2,
  2,
  2,
  2,
  2,
  2,
  2,
  2,
  2,
  2,
  2,
  2,
  2,
  2,
  2,
  2,
  2,
  2,
  2,
  2,
  2,
  2,
  2,
  2,
  2,
  2,
  2,
  2,
  2,
  2,
  2,
  2,
  2,
  2,
  2,
  2,
  2,
  2,
  2,
  2,
  2,
  2,
  2,
  2,
  2,
  2,
  2,
  2,
  2,
  2,
  2,
  2,
  2,
  2,
  2,
  2,
  2,
  2,
  2,
  2,
  2,
  2,
  2,
  2,
  2,
  2,
  2,
  2,
  2,
  2,
  2,
  2,
  2,
  2,
  2,
  2,
  2,
  2,
  2,
  2,
  2,
  2,
  2,
  2,
  2,
  2,
  2,
  2,
  2,
  2,
  2,
  2,
  2,
  2,
  2,
  2,
  2,
  2,
  2,
  2,
  2,
  2,
  2,
  2,
  2,
  2,
  2,
  2,
  2,
  2,
  2,
  2,
  2,
  2,
  2,
  2,
  2,
  2,
  2,
  2,
  2,
  2,
  2,
  2,
  2,
  2,
  2,
  2,
  2,
  2,
  2,
  2,
  2,
  2,
  2,
  2,
  2,
  2,
  2,
  2,
  2,
  2,
  2,
  2,
  2,
  2,
  2,
  2,
  2,
  2,
  2,
  2,
  2,
  2,
  2,
  2,
  2,
  2,
  2,
  2,
  2,
  2,
  2,
  2,
  2,
  2,
  2,
  2,
  2,
  2,
  2,
  2,
  2,
  2,
  2,
  2,
  2,
  2,
  2,
  2,
  2,
  2,
  2,
  2,
  2,
  2,
  2,
  2,
  2,
  2,
  2,
  2,
  2,
  2,
  2,
  2,
  2,
  2,
  2,
  2,
  2,
  2,
  2,
  2,
  2,
  2,
  2,
  2,
  2,
  2,
  2,
  2,
  2,
  2,
  2,
  2,
  2,
  2,
  2,
  2,
  2,
  2,
  2,
  2,
  2,
  2,
  2,
  2,
  2,
  2,
  2,
  2,
  2,
  2,
  2,
  2,
  2,
  2,
  2,
  2,
  2,
  2,
  2,
  2,
  2,
  2,
  2,
  2,
  2,
  2,
  2,
  2,
  2,
  2,
  2,
  2,
  2,
  2,
  2,
  2,
  2,
  2,
  2,
  2,
  2,
  2,
  2,
  2,
  2,
  2,
  2,
  2,
  2,
  2,
  2,
  2,
  2,
  2,
  2,
  2,
  2,
  2,
  2,
  2,
  2,
  2,
  2,
  2,
  2,
  2,
]
`;

exports[`feedback taps 3`] = `
Float32Array [
  3,
  3,
  3,
  3,
  3,
  3,
  3,
  3,
  3,
  3,
  3,
  3,
  3,
  3,
  3,
  3,
  3,
  3,
  3,
  3,
  3,
  3,
  3,
  3,
  3,
  3,
  3,
  3,
  3,
  3,
  3,
  3,
  3,
  3,
  3,
  3,
  3,
  3,
  3,
  3,
  3,
  3,
  3,
  3,
  3,
  3,
  3,
  3,
  3,
  3,
  3,
  3,
  3,
  3,
  3,
  3,
  3,
  3,
  3,
  3,
  3,
  3,
  3,
  3,
  3,
  3,
  3,
  3,
  3,
  3,
  3,
  3,
  3,
  3,
  3,
  3,
  3,
  3,
  3,
  3,
  3,
  3,
  3,
  3,
  3,
  3,
  3,
  3,
  3,
  3,
  3,
  3,
  3,
  3,
  3,
  3,
  3,
  3,
  3,
  3,
  3,
  3,
  3,
  3,
  3,
  3,
  3,
  3,
  3,
  3,
  3,
  3,
  3,
  3,
  3,
  3,
  3,
  3,
  3,
  3,
  3,
  3,
  3,
  3,
  3,
  3,
  3,
  3,
  3,
  3,
  3,
  3,
  3,
  3,
  3,
  3,
  3,
  3,
  3,
  3,
  3,
  3,
  3,
  3,
  3,
  3,
  3,
  3,
  3,
  3,
  3,
  3,
  3,
  3,
  3,
  3,
  3,
  3,
  3,
  3,
  3,
  3,
  3,
  3,
  3,
  3,
  3,
  3,
  3,
  3,
  3,
  3,
  3,
  3,
  3,
  3,
  3,
  3,
  3,
  3,
  3,
  3,
  3,
  3,
  3,
  3,
  3,
  3,
  3,
  3,
  3,
  3,
  3,
  3,
  3,
  3,
  3,
  3,
  3,
  3,
  3,
  3,
  3,
  3,
  3,
  3,
  3,
  3,
  3,
  3,
  3,
  3,
  3,
  3,
  3,
  3,
  3,
  3,
  3,
  3,
  3,
  3,
  3,
  3,
  3,
  3,
  3,
  3,
  3,
  3,
  3,
  3,
  3,
  3,
  3,
  3,
  3,
  3,
  3,
  3,
  3,
  3,
  3,
  3,
  3,
  3,
  3,
  3,
  3,
  3,
  3,
  3,
  3,
  3,
  3,
  3,
  3,
  3,
  3,
  3,
  3,
  3,
  3,
  3,
  3,
  3,
  3,
  3,
  3,
  3,
  3,
  3,
  3,
  3,
  3,
  3,
  3,
  3,
  3,
  3,
  3,
  3,
  3,
  3,
  3,
  3,
  3,
  3,
  3,
  3,
  3,
  3,
  3,
  3,
  3,
  3,
  3,
  3,
  3,
  3,
  3,
  3,
  3,
  3,
  3,
  3,
  3,
  3,
  3,
  3,
  3,
  3,
  3,
  3,
  3,
  3,
  3,
  3,
  3,
  3,
  3,
  3,
  3,
  3,
  3,
  3,
  3,
  3,
  3,
  3,
  3,
  3,
  3,
  3,
  3,
  3,
  3,
  3,
  3,
  3,
  3,
  3,
  3,
  3,
  3,
  3,
  3,
  3,
  3,
  3,
  3,
  3,
  3,
  3,
  3,
  3,
  3,
  3,
  3,
  3,
  3,
  3,
  3,
  3,
  3,
  3,
  3,
  3,
  3,
  3,
  3,
  3,
  3,
  3,
  3,
  3,
  3,
  3,
  3,
  3,
  3,
  3,
  3,
  3,
  3,
  3,
  3,
  3,
  3,
  3,
  3,
  3,
  3,
  3,
  3,
  3,
  3,
  3,
  3,
  3,
  3,
  3,
  3,
  3,
  3,
  3,
  3,
  3,
  3,
  3,
  3,
  3,
  3,
  3,
  3,
  3,
  3,
  3,
  3,
  3,
  3,
  3,
  3,
  3,
  3,
  3,
  3,
  3,
  3,
  3,
  3,
  3,
  3,
  3,
  3,
  3,
  3,
  3,
  3,
  3,
  3,
  3,
  3,
  3,
  3,
  3,
  3,
  3,
  3,
  3,
  3,
  3,
  3,
  3,
  3,
  3,
  3,
  3,
  3,
  3,
  3,
  3,
  3,
  3,
  3,
  3,
  3,
  3,
  3,
  3,
  3,
  3,
  3,
  3,
  3,
  3,
  3,
  3,
  3,
  3,
  3,
  3,
  3,
  3,
  3,
  3,
  3,
  3,
  3,
  3,
  3,
  3,
  3,
  3,
  3,
  3,
  3,
  3,
  3,
  3,
  3,
  3,
  3,
  3,
  3,
  3,
  3,
  3,
  3,
  3,
  3,
  3,
]
`;

exports[`idle feedback taps 1`] = `
Array [
  Array [
    Object {
      "max": 0,
      "min": 0,
      "source": undefined,
    },
  ],
  Array [
    Object {
      "max": 1,
      "min": 1,
      "source": undefined,
    },
  ],
  Array [
    Object {
      "max": 2,
      "min": 2,
      "source": undefined,
    },
  ],
  Array [
    Object {
      "max": 3,
      "min": 3,
      "source": undefined,
    },
  ],
]
`;

exports[`idle feedback taps 2`] = `
Array [
  Array [
    Object {
      "max": 4,
      "min": 4,
      "source": undefined,
    },
  ],
  Array [
    Object {
      "max": 3,
      "min": 3,
      "source": undefined,
    },
  ],
  Array [
    Object {
      "max": 2,
      "min": 2,
      "source": undefined,
    },
  ],
  Array [
    Object {
      "max": 1,
      "min": 1,
      "source": undefined,
    },
  ],
]
`;
