// Jest Snapshot v1, https://goo.gl/fbAQLP

exports[`time node 1`] = `
Float32Array [
  5120,
  5121,
  5122,
  5123,
  5124,
  5125,
  5126,
  5127,
  5128,
  5129,
  5130,
  5131,
  5132,
  5133,
  5134,
  5135,
  5136,
  5137,
  5138,
  5139,
  5140,
  5141,
  5142,
  5143,
  5144,
  5145,
  5146,
  5147,
  5148,
  5149,
  5150,
  5151,
]
`;
